// Vitest Snapshot v1, https://vitest.dev/guide/snapshot.html

exports[`matches snapshot 1`] = `
"<div data-v-005c5bf2="" class="user-management-scroll-container">
  <div data-v-19f29411="" data-v-005c5bf2="" class="form-section">
    <form data-v-19f29411="">
      <h2 data-v-19f29411="" class="section-title">Personal Information</h2>
      <div data-v-19f29411="" class="form-grid">
        <div data-v-19f29411="" class="form-group"><label data-v-19f29411="" for="username">Username</label><input data-v-19f29411="" type="text" class="p-inputtext p-component" id="username" placeholder="Enter username" required="" data-pc-name="inputtext" pc0="" data-pc-section="root">
          <!--v-if-->
        </div>
        <div data-v-19f29411="" class="form-group"><label data-v-19f29411="" for="password">Password</label>
          <div data-v-19f29411="" class="p-password p-component p-inputwrapper" id="password" data-pc-name="password" pc1="" data-pc-section="root"><input type="password" class="p-inputtext p-component p-password-input" id="pv_id_2" aria-controls="password_overlay" aria-expanded="false" aria-haspopup="true" placeholder="Enter password" required="" data-pc-name="pcinputtext" data-pc-extend="inputtext" pc2="" data-pc-section="root">
            <!----><svg width="14" height="14" viewBox="0 0 14 14" fill="none" xmlns="http://www.w3.org/2000/svg" class="p-icon p-password-toggle-mask-icon p-password-unmask-icon" aria-hidden="true" data-pc-section="unmaskicon">
              <path fill-rule="evenodd" clip-rule="evenodd" d="M0.0535499 7.25213C0.208567 7.59162 2.40413 12.4 7 12.4C11.5959 12.4 13.7914 7.59162 13.9465 7.25213C13.9487 7.2471 13.9506 7.24304 13.952 7.24001C13.9837 7.16396 14 7.08239 14 7.00001C14 6.91762 13.9837 6.83605 13.952 6.76001C13.9506 6.75697 13.9487 6.75292 13.9465 6.74788C13.7914 6.4084 11.5959 1.60001 7 1.60001C2.40413 1.60001 0.208567 6.40839 0.0535499 6.74788C0.0512519 6.75292 0.0494023 6.75697 0.048 6.76001C0.0163137 6.83605 0 6.91762 0 7.00001C0 7.08239 0.0163137 7.16396 0.048 7.24001C0.0494023 7.24304 0.0512519 7.2471 0.0535499 7.25213ZM7 11.2C3.664 11.2 1.736 7.92001 1.264 7.00001C1.736 6.08001 3.664 2.80001 7 2.80001C10.336 2.80001 12.264 6.08001 12.736 7.00001C12.264 7.92001 10.336 11.2 7 11.2ZM5.55551 9.16182C5.98308 9.44751 6.48576 9.6 7 9.6C7.68891 9.59789 8.349 9.32328 8.83614 8.83614C9.32328 8.349 9.59789 7.68891 9.59999 7C9.59999 6.48576 9.44751 5.98308 9.16182 5.55551C8.87612 5.12794 8.47006 4.7947 7.99497 4.59791C7.51988 4.40112 6.99711 4.34963 6.49276 4.44995C5.98841 4.55027 5.52513 4.7979 5.16152 5.16152C4.7979 5.52513 4.55027 5.98841 4.44995 6.49276C4.34963 6.99711 4.40112 7.51988 4.59791 7.99497C4.7947 8.47006 5.12794 8.87612 5.55551 9.16182ZM6.2222 5.83594C6.45243 5.6821 6.7231 5.6 7 5.6C7.37065 5.6021 7.72553 5.75027 7.98762 6.01237C8.24972 6.27446 8.39789 6.62934 8.4 7C8.4 7.27689 8.31789 7.54756 8.16405 7.77779C8.01022 8.00802 7.79157 8.18746 7.53575 8.29343C7.27994 8.39939 6.99844 8.42711 6.72687 8.37309C6.4553 8.31908 6.20584 8.18574 6.01005 7.98994C5.81425 7.79415 5.68091 7.54469 5.6269 7.27312C5.57288 7.00155 5.6006 6.72006 5.70656 6.46424C5.81253 6.20842 5.99197 5.98977 6.2222 5.83594Z" fill="currentColor"></path>
            </svg><span class="p-hidden-accessible" aria-live="polite" data-pc-section="hiddenaccesible" data-p-hidden-accessible="true"></span>
            <!---->
          </div>
        </div>
        <div data-v-19f29411="" class="form-group"><label data-v-19f29411="" for="email">Email</label><input data-v-19f29411="" type="email" class="p-inputtext p-component" id="email" placeholder="Enter email" required="" data-pc-name="inputtext" pc4="" data-pc-section="root">
          <!--v-if-->
        </div>
        <div data-v-19f29411="" class="form-group"><label data-v-19f29411="" for="role">Role</label>
          <div data-v-19f29411="" id="role" class="p-select p-component p-inputwrapper p-inputwrapper-filled w-full" required="" data-pc-name="dropdown" pc5="" data-pc-section="root"><span class="p-select-label p-placeholder" tabindex="0" role="combobox" aria-label="Select a role" aria-haspopup="listbox" aria-expanded="false" aria-controls="role_list" aria-disabled="false" data-pc-section="label">Select a role</span>
            <!---->
            <div class="p-select-dropdown" data-pc-section="dropdown"><svg width="14" height="14" viewBox="0 0 14 14" fill="none" xmlns="http://www.w3.org/2000/svg" class="p-icon p-select-dropdown-icon" aria-hidden="true" data-pc-section="dropdownicon">
                <path d="M7.01744 10.398C6.91269 10.3985 6.8089 10.378 6.71215 10.3379C6.61541 10.2977 6.52766 10.2386 6.45405 10.1641L1.13907 4.84913C1.03306 4.69404 0.985221 4.5065 1.00399 4.31958C1.02276 4.13266 1.10693 3.95838 1.24166 3.82747C1.37639 3.69655 1.55301 3.61742 1.74039 3.60402C1.92777 3.59062 2.11386 3.64382 2.26584 3.75424L7.01744 8.47394L11.769 3.75424C11.9189 3.65709 12.097 3.61306 12.2748 3.62921C12.4527 3.64535 12.6199 3.72073 12.7498 3.84328C12.8797 3.96582 12.9647 4.12842 12.9912 4.30502C13.0177 4.48162 12.9841 4.662 12.8958 4.81724L7.58083 10.1322C7.50996 10.2125 7.42344 10.2775 7.32656 10.3232C7.22968 10.3689 7.12449 10.3944 7.01744 10.398Z" fill="currentColor"></path>
              </svg></div>
            <!---->
          </div>
        </div>
      </div>
      <h2 data-v-19f29411="" class="section-title etl-title">ETL Tools</h2>
      <div data-v-19f29411="" class="form-grid">
        <div data-v-19f29411="" class="form-group full-width-field"><label data-v-19f29411="" for="tools">Tools</label>
          <div data-v-19f29411="" id="tools" class="p-select p-component p-inputwrapper p-inputwrapper-filled w-full" required="" data-pc-name="dropdown" pc7="" data-pc-section="root"><span class="p-select-label p-placeholder" tabindex="0" role="combobox" aria-label="Select a tool" aria-haspopup="listbox" aria-expanded="false" aria-controls="tools_list" aria-disabled="false" data-pc-section="label">Select a tool</span>
            <!---->
            <div class="p-select-dropdown" data-pc-section="dropdown"><svg width="14" height="14" viewBox="0 0 14 14" fill="none" xmlns="http://www.w3.org/2000/svg" class="p-icon p-select-dropdown-icon" aria-hidden="true" data-pc-section="dropdownicon">
                <path d="M7.01744 10.398C6.91269 10.3985 6.8089 10.378 6.71215 10.3379C6.61541 10.2977 6.52766 10.2386 6.45405 10.1641L1.13907 4.84913C1.03306 4.69404 0.985221 4.5065 1.00399 4.31958C1.02276 4.13266 1.10693 3.95838 1.24166 3.82747C1.37639 3.69655 1.55301 3.61742 1.74039 3.60402C1.92777 3.59062 2.11386 3.64382 2.26584 3.75424L7.01744 8.47394L11.769 3.75424C11.9189 3.65709 12.097 3.61306 12.2748 3.62921C12.4527 3.64535 12.6199 3.72073 12.7498 3.84328C12.8797 3.96582 12.9647 4.12842 12.9912 4.30502C13.0177 4.48162 12.9841 4.662 12.8958 4.81724L7.58083 10.1322C7.50996 10.2125 7.42344 10.2775 7.32656 10.3232C7.22968 10.3689 7.12449 10.3944 7.01744 10.398Z" fill="currentColor"></path>
              </svg></div>
            <!---->
          </div>
        </div>
        <div data-v-19f29411="" class="form-group"><label data-v-19f29411="" for="projectTool">Project - Tool</label>
          <div data-v-19f29411="" class="p-multiselect p-component p-inputwrapper p-multiselect-display-chip" id="projectTool" data-pc-name="multiselect" pc9="" data-pc-section="root">
            <div class="p-hidden-accessible" data-pc-section="hiddeninputcontainer" data-p-hidden-accessible="true"><input type="text" readonly="" placeholder="Enter project tool" tabindex="0" role="combobox" aria-haspopup="listbox" aria-expanded="false" aria-controls="projectTool_list" data-pc-section="hiddeninput"></div>
            <div class="p-multiselect-label-container" data-pc-section="labelcontainer">
              <div class="p-multiselect-label p-placeholder" data-pc-section="label">Enter project tool</div>
            </div>
            <!---->
            <div class="p-multiselect-dropdown" data-pc-section="dropdown"><svg width="14" height="14" viewBox="0 0 14 14" fill="none" xmlns="http://www.w3.org/2000/svg" class="p-icon p-multiselect-dropdown-icon" aria-hidden="true" data-pc-section="dropdownicon">
                <path d="M7.01744 10.398C6.91269 10.3985 6.8089 10.378 6.71215 10.3379C6.61541 10.2977 6.52766 10.2386 6.45405 10.1641L1.13907 4.84913C1.03306 4.69404 0.985221 4.5065 1.00399 4.31958C1.02276 4.13266 1.10693 3.95838 1.24166 3.82747C1.37639 3.69655 1.55301 3.61742 1.74039 3.60402C1.92777 3.59062 2.11386 3.64382 2.26584 3.75424L7.01744 8.47394L11.769 3.75424C11.9189 3.65709 12.097 3.61306 12.2748 3.62921C12.4527 3.64535 12.6199 3.72073 12.7498 3.84328C12.8797 3.96582 12.9647 4.12842 12.9912 4.30502C13.0177 4.48162 12.9841 4.662 12.8958 4.81724L7.58083 10.1322C7.50996 10.2125 7.42344 10.2775 7.32656 10.3232C7.22968 10.3689 7.12449 10.3944 7.01744 10.398Z" fill="currentColor"></path>
              </svg></div>
            <!---->
          </div>
        </div>
        <div data-v-19f29411="" class="form-group"><label data-v-19f29411="" for="idTool">User Project - Tool</label>
          <div data-v-19f29411="" id="idTool" class="p-select p-component p-inputwrapper" data-pc-name="dropdown" pc11="" data-pc-section="root"><span class="p-select-label p-placeholder" tabindex="0" role="combobox" aria-label="Enter user project tool ID" aria-haspopup="listbox" aria-expanded="false" aria-controls="idTool_list" aria-disabled="false" data-pc-section="label">Enter user project tool ID</span>
            <!---->
            <div class="p-select-dropdown" data-pc-section="dropdown"><svg width="14" height="14" viewBox="0 0 14 14" fill="none" xmlns="http://www.w3.org/2000/svg" class="p-icon p-select-dropdown-icon" aria-hidden="true" data-pc-section="dropdownicon">
                <path d="M7.01744 10.398C6.91269 10.3985 6.8089 10.378 6.71215 10.3379C6.61541 10.2977 6.52766 10.2386 6.45405 10.1641L1.13907 4.84913C1.03306 4.69404 0.985221 4.5065 1.00399 4.31958C1.02276 4.13266 1.10693 3.95838 1.24166 3.82747C1.37639 3.69655 1.55301 3.61742 1.74039 3.60402C1.92777 3.59062 2.11386 3.64382 2.26584 3.75424L7.01744 8.47394L11.769 3.75424C11.9189 3.65709 12.097 3.61306 12.2748 3.62921C12.4527 3.64535 12.6199 3.72073 12.7498 3.84328C12.8797 3.96582 12.9647 4.12842 12.9912 4.30502C13.0177 4.48162 12.9841 4.662 12.8958 4.81724L7.58083 10.1322C7.50996 10.2125 7.42344 10.2775 7.32656 10.3232C7.22968 10.3689 7.12449 10.3944 7.01744 10.398Z" fill="currentColor"></path>
              </svg></div>
            <!---->
          </div>
        </div>
      </div>
      <div data-v-19f29411="" class="button-group full-width"><button data-v-19f29411="" class="p-button p-component p-button-secondary" type="button" aria-label="Clean up" data-pc-name="button" data-p-disabled="false" data-p-severity="secondary" id="cleanAll" pc13="" data-pc-section="root">
          <!----><span class="p-button-label" data-pc-section="label">Clean up</span>
          <!---->
        </button><button data-v-19f29411="" class="p-button p-component" type="submit" aria-label="Register" data-pc-name="button" data-p-disabled="false" pc14="" data-pc-section="root">
          <!----><span class="p-button-label" data-pc-section="label">Register</span>
          <!---->
        </button></div>
    </form>
  </div>
  <!--v-if-->
  <div data-v-313bbadd="" data-v-005c5bf2="" class="table-container">
    <div data-v-313bbadd="" class="p-datatable p-component p-datatable-scrollable p-datatable-flex-scrollable" data-scrollselectors=".p-datatable-wrapper" responsivelayout="scroll" data-pc-name="datatable" pc15="" data-pc-section="root">
      <!---->
      <!---->
      <!---->
      <!---->
      <!---->
      <!---->
      <!---->
      <!---->
      <!---->
      <div class="p-datatable-table-container" style="overflow: auto; max-height: flex;" data-pc-section="tablecontainer">
        <table role="table" class="p-datatable-table p-datatable-scrollable-table" data-pc-section="table">
          <thead class="p-datatable-thead" style="position: sticky;" role="rowgroup" data-pc-section="thead">
            <tr role="row" data-pc-section="headerrow">
              <th class="p-datatable-header-cell" role="columnheader" data-pc-section="headercell" data-pc-name="headercell" pc24="" data-p-resizable-column="false" data-p-filter-column="false" data-p-reorderable-column="false" first="0">
                <!---->
                <div class="p-datatable-column-header-content" data-pc-section="columnheadercontent">
                  <!----><span class="p-datatable-column-title" data-pc-section="columntitle">ID</span>
                  <!---->
                  <!---->
                  <!---->
                  <!---->
                </div>
              </th>
              <th class="p-datatable-header-cell p-datatable-sortable-column" tabindex="0" role="columnheader" aria-sort="none" data-pc-section="headercell" data-pc-name="headercell" pc25="" data-p-sortable-column="true" data-p-resizable-column="false" data-p-filter-column="false" data-p-reorderable-column="false" first="0">
                <!---->
                <div class="p-datatable-column-header-content" data-pc-section="columnheadercontent">
                  <!----><span class="p-datatable-column-title" data-pc-section="columntitle">Username</span><span data-pc-section="sort"><svg width="14" height="14" viewBox="0 0 14 14" fill="none" xmlns="http://www.w3.org/2000/svg" class="p-icon p-datatable-sort-icon" aria-hidden="true" sortOrder="0" data-pc-section="sorticon"><path d="M5.64515 3.61291C5.47353 3.61291 5.30192 3.54968 5.16644 3.4142L3.38708 1.63484L1.60773 3.4142C1.34579 3.67613 0.912244 3.67613 0.650309 3.4142C0.388374 3.15226 0.388374 2.71871 0.650309 2.45678L2.90837 0.198712C3.17031 -0.0632236 3.60386 -0.0632236 3.86579 0.198712L6.12386 2.45678C6.38579 2.71871 6.38579 3.15226 6.12386 3.4142C5.98837 3.54968 5.81676 3.61291 5.64515 3.61291Z" fill="currentColor"></path><path d="M3.38714 14C3.01681 14 2.70972 13.6929 2.70972 13.3226V0.677419C2.70972 0.307097 3.01681 0 3.38714 0C3.75746 0 4.06456 0.307097 4.06456 0.677419V13.3226C4.06456 13.6929 3.75746 14 3.38714 14Z" fill="currentColor"></path><path d="M10.6129 14C10.4413 14 10.2697 13.9368 10.1342 13.8013L7.87611 11.5432C7.61418 11.2813 7.61418 10.8477 7.87611 10.5858C8.13805 10.3239 8.5716 10.3239 8.83353 10.5858L10.6129 12.3652L12.3922 10.5858C12.6542 10.3239 13.0877 10.3239 13.3497 10.5858C13.6116 10.8477 13.6116 11.2813 13.3497 11.5432L11.0916 13.8013C10.9561 13.9368 10.7845 14 10.6129 14Z" fill="currentColor"></path><path d="M10.6129 14C10.2426 14 9.93552 13.6929 9.93552 13.3226V0.677419C9.93552 0.307097 10.2426 0 10.6129 0C10.9833 0 11.2904 0.307097 11.2904 0.677419V13.3226C11.2904 13.6929 10.9832 14 10.6129 14Z" fill="currentColor"></path></svg></span>
                  <!---->
                  <!---->
                  <!---->
                </div>
              </th>
              <th class="p-datatable-header-cell p-datatable-sortable-column" tabindex="0" role="columnheader" aria-sort="none" data-pc-section="headercell" data-pc-name="headercell" pc27="" data-p-sortable-column="true" data-p-resizable-column="false" data-p-filter-column="false" data-p-reorderable-column="false" first="0">
                <!---->
                <div class="p-datatable-column-header-content" data-pc-section="columnheadercontent">
                  <!----><span class="p-datatable-column-title" data-pc-section="columntitle">Role</span><span data-pc-section="sort"><svg width="14" height="14" viewBox="0 0 14 14" fill="none" xmlns="http://www.w3.org/2000/svg" class="p-icon p-datatable-sort-icon" aria-hidden="true" sortOrder="0" data-pc-section="sorticon"><path d="M5.64515 3.61291C5.47353 3.61291 5.30192 3.54968 5.16644 3.4142L3.38708 1.63484L1.60773 3.4142C1.34579 3.67613 0.912244 3.67613 0.650309 3.4142C0.388374 3.15226 0.388374 2.71871 0.650309 2.45678L2.90837 0.198712C3.17031 -0.0632236 3.60386 -0.0632236 3.86579 0.198712L6.12386 2.45678C6.38579 2.71871 6.38579 3.15226 6.12386 3.4142C5.98837 3.54968 5.81676 3.61291 5.64515 3.61291Z" fill="currentColor"></path><path d="M3.38714 14C3.01681 14 2.70972 13.6929 2.70972 13.3226V0.677419C2.70972 0.307097 3.01681 0 3.38714 0C3.75746 0 4.06456 0.307097 4.06456 0.677419V13.3226C4.06456 13.6929 3.75746 14 3.38714 14Z" fill="currentColor"></path><path d="M10.6129 14C10.4413 14 10.2697 13.9368 10.1342 13.8013L7.87611 11.5432C7.61418 11.2813 7.61418 10.8477 7.87611 10.5858C8.13805 10.3239 8.5716 10.3239 8.83353 10.5858L10.6129 12.3652L12.3922 10.5858C12.6542 10.3239 13.0877 10.3239 13.3497 10.5858C13.6116 10.8477 13.6116 11.2813 13.3497 11.5432L11.0916 13.8013C10.9561 13.9368 10.7845 14 10.6129 14Z" fill="currentColor"></path><path d="M10.6129 14C10.2426 14 9.93552 13.6929 9.93552 13.3226V0.677419C9.93552 0.307097 10.2426 0 10.6129 0C10.9833 0 11.2904 0.307097 11.2904 0.677419V13.3226C11.2904 13.6929 10.9832 14 10.6129 14Z" fill="currentColor"></path></svg></span>
                  <!---->
                  <!---->
                  <!---->
                </div>
              </th>
              <th class="p-datatable-header-cell" role="columnheader" data-pc-section="headercell" data-pc-name="headercell" pc29="" data-p-resizable-column="false" data-p-filter-column="false" data-p-reorderable-column="false" first="0">
                <!---->
                <div class="p-datatable-column-header-content" data-pc-section="columnheadercontent">
                  <!----><span class="p-datatable-column-title" data-pc-section="columntitle">Email</span>
                  <!---->
                  <!---->
                  <!---->
                  <!---->
                </div>
              </th>
              <th class="p-datatable-header-cell" role="columnheader" data-pc-section="headercell" data-pc-name="headercell" pc30="" data-p-resizable-column="false" data-p-filter-column="false" data-p-reorderable-column="false" first="0">
                <!---->
                <div class="p-datatable-column-header-content" data-pc-section="columnheadercontent">
                  <!----><span class="p-datatable-column-title" data-pc-section="columntitle">Project Tool</span>
                  <!---->
                  <!---->
                  <!---->
                  <!---->
                </div>
              </th>
              <th class="p-datatable-header-cell" role="columnheader" data-pc-section="headercell" data-pc-name="headercell" pc31="" data-p-resizable-column="false" data-p-filter-column="false" data-p-reorderable-column="false" first="0">
                <!---->
                <div class="p-datatable-column-header-content" data-pc-section="columnheadercontent">
                  <!----><span class="p-datatable-column-title" data-pc-section="columntitle">Action</span>
                  <!---->
                  <!---->
                  <!---->
                  <!---->
                </div>
              </th>
            </tr>
            <!---->
          </thead>
          <!---->
          <tbody class="p-datatable-tbody" role="rowgroup" data-pc-section="tbody">
            <tr class="p-datatable-empty-message" role="row" data-pc-section="emptymessage">
              <td colspan="6" data-pc-section="emptymessagecell">
                <!---->
              </td>
            </tr>
          </tbody>
          <!---->
          <!---->
        </table>
      </div>
      <nav class="p-datatable-paginator-bottom" data-pc-section="paginatorcontainer">
        <div class="p-paginator p-component" data-pc-name="pcpaginator" data-pc-extend="paginator" pc35="" data-pc-section="root">
          <!---->
          <div class="p-paginator-content" data-pc-section="content"><button class="p-paginator-first p-disabled" type="button" data-pc-section="first" data-pc-group-section="pagebutton" aria-label="First Page" disabled=""><svg width="14" height="14" viewBox="0 0 14 14" fill="none" xmlns="http://www.w3.org/2000/svg" class="p-icon p-paginator-first-icon" aria-hidden="true" data-pc-section="firsticon">
                <path fill-rule="evenodd" clip-rule="evenodd" d="M5.71602 11.164C5.80782 11.2021 5.9063 11.2215 6.00569 11.221C6.20216 11.2301 6.39427 11.1612 6.54025 11.0294C6.68191 10.8875 6.76148 10.6953 6.76148 10.4948C6.76148 10.2943 6.68191 10.1021 6.54025 9.96024L3.51441 6.9344L6.54025 3.90855C6.624 3.76126 6.65587 3.59011 6.63076 3.42254C6.60564 3.25498 6.525 3.10069 6.40175 2.98442C6.2785 2.86815 6.11978 2.79662 5.95104 2.7813C5.78229 2.76598 5.61329 2.80776 5.47112 2.89994L1.97123 6.39983C1.82957 6.54167 1.75 6.73393 1.75 6.9344C1.75 7.13486 1.82957 7.32712 1.97123 7.46896L5.47112 10.9991C5.54096 11.0698 5.62422 11.1259 5.71602 11.164ZM11.0488 10.9689C11.1775 11.1156 11.3585 11.2061 11.5531 11.221C11.7477 11.2061 11.9288 11.1156 12.0574 10.9689C12.1815 10.8302 12.25 10.6506 12.25 10.4645C12.25 10.2785 12.1815 10.0989 12.0574 9.96024L9.03158 6.93439L12.0574 3.90855C12.1248 3.76739 12.1468 3.60881 12.1204 3.45463C12.0939 3.30045 12.0203 3.15826 11.9097 3.04765C11.7991 2.93703 11.6569 2.86343 11.5027 2.83698C11.3486 2.81053 11.19 2.83252 11.0488 2.89994L7.51865 6.36957C7.37699 6.51141 7.29742 6.70367 7.29742 6.90414C7.29742 7.1046 7.37699 7.29686 7.51865 7.4387L11.0488 10.9689Z" fill="currentColor"></path>
              </svg></button><button class="p-paginator-prev p-disabled" type="button" data-pc-section="prev" data-pc-group-section="pagebutton" aria-label="Previous Page" disabled=""><svg width="14" height="14" viewBox="0 0 14 14" fill="none" xmlns="http://www.w3.org/2000/svg" class="p-icon p-paginator-prev-icon" aria-hidden="true" data-pc-section="previcon">
                <path d="M8.75 11.185C8.65146 11.1854 8.55381 11.1662 8.4628 11.1284C8.37179 11.0906 8.28924 11.0351 8.22 10.965L4.72 7.46496C4.57955 7.32433 4.50066 7.13371 4.50066 6.93496C4.50066 6.73621 4.57955 6.54558 4.72 6.40496L8.22 2.93496C8.36095 2.84357 8.52851 2.80215 8.69582 2.81733C8.86312 2.83252 9.02048 2.90344 9.14268 3.01872C9.26487 3.134 9.34483 3.28696 9.36973 3.4531C9.39463 3.61924 9.36303 3.78892 9.28 3.93496L6.28 6.93496L9.28 9.93496C9.42045 10.0756 9.49934 10.2662 9.49934 10.465C9.49934 10.6637 9.42045 10.8543 9.28 10.995C9.13526 11.1257 8.9448 11.1939 8.75 11.185Z" fill="currentColor"></path>
              </svg></button><span class="p-paginator-pages" data-pc-section="pages"></span><button class="p-paginator-next p-disabled" type="button" data-pc-section="next" data-pc-group-section="pagebutton" aria-label="Next Page" disabled=""><svg width="14" height="14" viewBox="0 0 14 14" fill="none" xmlns="http://www.w3.org/2000/svg" class="p-icon p-paginator-next-icon" aria-hidden="true" data-pc-section="nexticon">
                <path d="M5.25 11.1728C5.14929 11.1694 5.05033 11.1455 4.9592 11.1025C4.86806 11.0595 4.78666 10.9984 4.72 10.9228C4.57955 10.7822 4.50066 10.5916 4.50066 10.3928C4.50066 10.1941 4.57955 10.0035 4.72 9.86283L7.72 6.86283L4.72 3.86283C4.66067 3.71882 4.64765 3.55991 4.68275 3.40816C4.71785 3.25642 4.79932 3.11936 4.91585 3.01602C5.03238 2.91268 5.17819 2.84819 5.33305 2.83149C5.4879 2.81479 5.64411 2.84671 5.78 2.92283L9.28 6.42283C9.42045 6.56346 9.49934 6.75408 9.49934 6.95283C9.49934 7.15158 9.42045 7.34221 9.28 7.48283L5.78 10.9228C5.71333 10.9984 5.63193 11.0595 5.5408 11.1025C5.44966 11.1455 5.35071 11.1694 5.25 11.1728Z" fill="currentColor"></path>
              </svg></button><button class="p-paginator-last p-disabled" type="button" data-pc-section="last" data-pc-group-section="pagebutton" aria-label="Last Page" disabled=""><svg width="14" height="14" viewBox="0 0 14 14" fill="none" xmlns="http://www.w3.org/2000/svg" class="p-icon p-paginator-last-icon" aria-hidden="true" data-pc-section="lasticon">
                <path fill-rule="evenodd" clip-rule="evenodd" d="M7.68757 11.1451C7.7791 11.1831 7.8773 11.2024 7.9764 11.2019C8.07769 11.1985 8.17721 11.1745 8.26886 11.1312C8.36052 11.088 8.44238 11.0265 8.50943 10.9505L12.0294 7.49085C12.1707 7.34942 12.25 7.15771 12.25 6.95782C12.25 6.75794 12.1707 6.56622 12.0294 6.42479L8.50943 2.90479C8.37014 2.82159 8.20774 2.78551 8.04633 2.80192C7.88491 2.81833 7.73309 2.88635 7.6134 2.99588C7.4937 3.10541 7.41252 3.25061 7.38189 3.40994C7.35126 3.56927 7.37282 3.73423 7.44337 3.88033L10.4605 6.89748L7.44337 9.91463C7.30212 10.0561 7.22278 10.2478 7.22278 10.4477C7.22278 10.6475 7.30212 10.8393 7.44337 10.9807C7.51301 11.0512 7.59603 11.1071 7.68757 11.1451ZM1.94207 10.9505C2.07037 11.0968 2.25089 11.1871 2.44493 11.2019C2.63898 11.1871 2.81949 11.0968 2.94779 10.9505L6.46779 7.49085C6.60905 7.34942 6.68839 7.15771 6.68839 6.95782C6.68839 6.75793 6.60905 6.56622 6.46779 6.42479L2.94779 2.90479C2.80704 2.83757 2.6489 2.81563 2.49517 2.84201C2.34143 2.86839 2.19965 2.94178 2.08936 3.05207C1.97906 3.16237 1.90567 3.30415 1.8793 3.45788C1.85292 3.61162 1.87485 3.76975 1.94207 3.9105L4.95922 6.92765L1.94207 9.9448C1.81838 10.0831 1.75 10.2621 1.75 10.4477C1.75 10.6332 1.81838 10.8122 1.94207 10.9505Z" fill="currentColor"></path>
              </svg></button><span class="p-paginator-current" data-pc-section="current" aria-live="polite">Showing 0 to 0 of 0 entries</span>
            <div id="pv_id_47" class="p-select p-component p-inputwrapper p-disabled p-inputwrapper-filled p-paginator-rpp-dropdown" data-pc-group-section="pagedropdown" data-pc-name="pcrowperpagedropdown" data-pc-extend="select" pc47="" data-pc-section="root"><span class="p-select-label" tabindex="-1" role="combobox" aria-label="Rows per page" aria-haspopup="listbox" aria-expanded="false" aria-controls="pv_id_47_list" aria-disabled="true" data-pc-section="label">10</span>
              <!---->
              <div class="p-select-dropdown" data-pc-section="dropdown"><svg width="14" height="14" viewBox="0 0 14 14" fill="none" xmlns="http://www.w3.org/2000/svg" class="p-icon p-select-dropdown-icon" aria-hidden="true" data-pc-section="dropdownicon">
                  <path d="M7.01744 10.398C6.91269 10.3985 6.8089 10.378 6.71215 10.3379C6.61541 10.2977 6.52766 10.2386 6.45405 10.1641L1.13907 4.84913C1.03306 4.69404 0.985221 4.5065 1.00399 4.31958C1.02276 4.13266 1.10693 3.95838 1.24166 3.82747C1.37639 3.69655 1.55301 3.61742 1.74039 3.60402C1.92777 3.59062 2.11386 3.64382 2.26584 3.75424L7.01744 8.47394L11.769 3.75424C11.9189 3.65709 12.097 3.61306 12.2748 3.62921C12.4527 3.64535 12.6199 3.72073 12.7498 3.84328C12.8797 3.96582 12.9647 4.12842 12.9912 4.30502C13.0177 4.48162 12.9841 4.662 12.8958 4.81724L7.58083 10.1322C7.50996 10.2125 7.42344 10.2775 7.32656 10.3232C7.22968 10.3689 7.12449 10.3944 7.01744 10.398Z" fill="currentColor"></path>
                </svg></div>
              <!---->
            </div>
          </div>
          <!---->
        </div>
      </nav>
      <!---->
      <div class="p-datatable-column-resize-indicator" style="display: none;" data-pc-section="columnresizeindicator"></div>
      <!---->
      <!---->
    </div>
  </div>
</div>"
`;
